  [2mconsole.log[22m
    [TEXT] from=2341234567890 stage=FREE_TEXT_AI text="account number"
[2m[22m
[2m      [2mat log ([22m[2msrc/handlers/textHandler.js[2m:86:11)[22m[2m[22m

  [2mconsole.log[22m
    [TEXT] from=2341234567890 stage=FREE_TEXT_AI text="bank account"
[2m[22m
[2m      [2mat log ([22m[2msrc/handlers/textHandler.js[2m:86:11)[22m[2m[22m

  [2mconsole.log[22m
    [TEXT] from=2341234567890 stage=FREE_TEXT_AI text="account details"
[2m[22m
[2m      [2mat log ([22m[2msrc/handlers/textHandler.js[2m:86:11)[22m[2m[22m

  [2mconsole.log[22m
    [TEXT] from=2341234567890 stage=FREE_TEXT_AI text="gtbank"
[2m[22m
[2m      [2mat log ([22m[2msrc/handlers/textHandler.js[2m:86:11)[22m[2m[22m

  [2mconsole.log[22m
    [TEXT] from=2341234567890 stage=FREE_TEXT_AI text="give me account"
[2m[22m
[2m      [2mat log ([22m[2msrc/handlers/textHandler.js[2m:86:11)[22m[2m[22m

  [2mconsole.log[22m
    [TEXT] from=2341234567890 stage=FREE_TEXT_AI text="send to account"
[2m[22m
[2m      [2mat log ([22m[2msrc/handlers/textHandler.js[2m:86:11)[22m[2m[22m

  [2mconsole.log[22m
    [TEXT] from=2341234567890 stage=FREE_TEXT_AI text="direct transfer"
[2m[22m
[2m      [2mat log ([22m[2msrc/handlers/textHandler.js[2m:86:11)[22m[2m[22m

  [2mconsole.log[22m
    [TEXT] from=2341234567890 stage=FREE_TEXT_AI text="dont do online"
[2m[22m
[2m      [2mat log ([22m[2msrc/handlers/textHandler.js[2m:86:11)[22m[2m[22m

  [2mconsole.log[22m
    [TEXT] from=2341234567890 stage=FREE_TEXT_AI text="can't do online"
[2m[22m
[2m      [2mat log ([22m[2msrc/handlers/textHandler.js[2m:86:11)[22m[2m[22m

  [2mconsole.log[22m
    [TEXT] from=2341234567890 stage=FREE_TEXT_AI text="send me account"
[2m[22m
[2m      [2mat log ([22m[2msrc/handlers/textHandler.js[2m:86:11)[22m[2m[22m

  [2mconsole.log[22m
    [TEXT] from=2341234567890 stage=FREE_TEXT_AI text="account number please"
[2m[22m
[2m      [2mat log ([22m[2msrc/handlers/textHandler.js[2m:86:11)[22m[2m[22m

  [2mconsole.log[22m
    [TEXT] from=2341234567890 stage=FREE_TEXT_AI text="send directly to your account"
[2m[22m
[2m      [2mat log ([22m[2msrc/handlers/textHandler.js[2m:86:11)[22m[2m[22m

  [2mconsole.log[22m
    [TEXT] from=2341234567890 stage=FREE_TEXT_AI text="transfer to you directly"
[2m[22m
[2m      [2mat log ([22m[2msrc/handlers/textHandler.js[2m:86:11)[22m[2m[22m

  [2mconsole.log[22m
    [TEXT] from=2341234567890 stage=FREE_TEXT_AI text="your account details please"
[2m[22m
[2m      [2mat log ([22m[2msrc/handlers/textHandler.js[2m:86:11)[22m[2m[22m

  [2mconsole.log[22m
    [TEXT] from=2341234567890 stage=FREE_TEXT_AI text="I want to pay via transfer to you"
[2m[22m
[2m      [2mat log ([22m[2msrc/handlers/textHandler.js[2m:86:11)[22m[2m[22m

  [2mconsole.log[22m
    [TEXT] from=2341234567890 stage=FREE_TEXT_AI text="i have paid"
[2m[22m
[2m      [2mat log ([22m[2msrc/handlers/textHandler.js[2m:86:11)[22m[2m[22m

  [2mconsole.log[22m
    [TEXT] from=2341234567890 stage=FREE_TEXT_AI text="i paid"
[2m[22m
[2m      [2mat log ([22m[2msrc/handlers/textHandler.js[2m:86:11)[22m[2m[22m

  [2mconsole.log[22m
    [TEXT] from=2341234567890 stage=FREE_TEXT_AI text="payment done"
[2m[22m
[2m      [2mat log ([22m[2msrc/handlers/textHandler.js[2m:86:11)[22m[2m[22m

  [2mconsole.log[22m
    [TEXT] from=2341234567890 stage=FREE_TEXT_AI text="transfer done"
[2m[22m
[2m      [2mat log ([22m[2msrc/handlers/textHandler.js[2m:86:11)[22m[2m[22m

  [2mconsole.log[22m
    [TEXT] from=2341234567890 stage=FREE_TEXT_AI text="i sent the money"
[2m[22m
[2m      [2mat log ([22m[2msrc/handlers/textHandler.js[2m:86:11)[22m[2m[22m

  [2mconsole.log[22m
    [TEXT] from=2341234567890 stage=FREE_TEXT_AI text="i made payment"
[2m[22m
[2m      [2mat log ([22m[2msrc/handlers/textHandler.js[2m:86:11)[22m[2m[22m

  [2mconsole.log[22m
    [TEXT] from=2341234567890 stage=FREE_TEXT_AI text="payment successful"
[2m[22m
[2m      [2mat log ([22m[2msrc/handlers/textHandler.js[2m:86:11)[22m[2m[22m

  [2mconsole.log[22m
    [TEXT] from=2341234567890 stage=FREE_TEXT_AI text="done paying"
[2m[22m
[2m      [2mat log ([22m[2msrc/handlers/textHandler.js[2m:86:11)[22m[2m[22m

  [2mconsole.log[22m
    [TEXT] from=2341234567890 stage=FREE_TEXT_AI text="money sent"
[2m[22m
[2m      [2mat log ([22m[2msrc/handlers/textHandler.js[2m:86:11)[22m[2m[22m

  [2mconsole.log[22m
    [TEXT] from=2341234567890 stage=FREE_TEXT_AI text="i have transferred"
[2m[22m
[2m      [2mat log ([22m[2msrc/handlers/textHandler.js[2m:86:11)[22m[2m[22m

  [2mconsole.log[22m
    [TEXT] from=2341234567890 stage=FREE_TEXT_AI text="just paid now"
[2m[22m
[2m      [2mat log ([22m[2msrc/handlers/textHandler.js[2m:86:11)[22m[2m[22m

  [2mconsole.log[22m
    [TEXT] from=2341234567890 stage=FREE_TEXT_AI text="speak to agent"
[2m[22m
[2m      [2mat log ([22m[2msrc/handlers/textHandler.js[2m:86:11)[22m[2m[22m

  [2mconsole.log[22m
    [TEXT] from=2341234567890 stage=FREE_TEXT_AI text="talk to human"
[2m[22m
[2m      [2mat log ([22m[2msrc/handlers/textHandler.js[2m:86:11)[22m[2m[22m

  [2mconsole.log[22m
    [TEXT] from=2341234567890 stage=FREE_TEXT_AI text="real person"
[2m[22m
[2m      [2mat log ([22m[2msrc/handlers/textHandler.js[2m:86:11)[22m[2m[22m

  [2mconsole.log[22m
    [TEXT] from=2341234567890 stage=FREE_TEXT_AI text="speak to someone"
[2m[22m
[2m      [2mat log ([22m[2msrc/handlers/textHandler.js[2m:86:11)[22m[2m[22m

  [2mconsole.log[22m
    [TEXT] from=2341111111111 stage=FREE_TEXT_AI text="yes please"
[2m[22m
[2m      [2mat log ([22m[2msrc/handlers/textHandler.js[2m:86:11)[22m[2m[22m

  [2mconsole.log[22m
    [PAYMENT TRIGGER] AI flagged payment — generating link tag=true narration=false
[2m[22m
[2m      [2mat log ([22m[2msrc/handlers/textHandler.js[2m:304:17)[22m[2m[22m

  [2mconsole.log[22m
    [TEXT] from=2341111111111 stage=FREE_TEXT_AI text="yes register me"
[2m[22m
[2m      [2mat log ([22m[2msrc/handlers/textHandler.js[2m:86:11)[22m[2m[22m

  [2mconsole.log[22m
    [PAYMENT TRIGGER] AI flagged payment — generating link tag=true narration=false
[2m[22m
[2m      [2mat log ([22m[2msrc/handlers/textHandler.js[2m:304:17)[22m[2m[22m

  [2mconsole.log[22m
    [TEXT] from=2341111111111 stage=FREE_TEXT_AI text="yes I want to pay"
[2m[22m
[2m      [2mat log ([22m[2msrc/handlers/textHandler.js[2m:86:11)[22m[2m[22m

  [2mconsole.log[22m
    [PAYMENT TRIGGER] AI flagged payment — generating link tag=true narration=false
[2m[22m
[2m      [2mat log ([22m[2msrc/handlers/textHandler.js[2m:304:17)[22m[2m[22m

  [2mconsole.log[22m
    [TEXT] from=2342222222222 stage=FREE_TEXT_AI text="yes register me"
[2m[22m
[2m      [2mat log ([22m[2msrc/handlers/textHandler.js[2m:86:11)[22m[2m[22m

  [2mconsole.log[22m
    [GUARDRAIL] Payment tag blocked — no context collected
[2m[22m
[2m      [2mat log ([22m[2msrc/handlers/textHandler.js[2m:295:17)[22m[2m[22m

  [2mconsole.log[22m
    [TEXT] from=2342222222222 stage=FREE_TEXT_AI text="yes"
[2m[22m
[2m      [2mat log ([22m[2msrc/handlers/textHandler.js[2m:86:11)[22m[2m[22m

  [2mconsole.log[22m
    [PAYMENT TRIGGER] AI flagged payment — generating link tag=true narration=false
[2m[22m
[2m      [2mat log ([22m[2msrc/handlers/textHandler.js[2m:304:17)[22m[2m[22m

  [2mconsole.log[22m
    [TEXT] from=2343333333333 stage=FREE_TEXT_AI text="what happens next?"
[2m[22m
[2m      [2mat log ([22m[2msrc/handlers/textHandler.js[2m:86:11)[22m[2m[22m

  [2mconsole.log[22m
    [GUARDRAIL] Payment tag blocked — lead already paid
[2m[22m
[2m      [2mat log ([22m[2msrc/handlers/textHandler.js[2m:298:17)[22m[2m[22m

  [2mconsole.log[22m
    [TEXT] from=2343333333333 stage=FREE_TEXT_AI text="yes"
[2m[22m
[2m      [2mat log ([22m[2msrc/handlers/textHandler.js[2m:86:11)[22m[2m[22m

  [2mconsole.log[22m
    [PAYMENT TRIGGER] FREE_TEXT_AI — resending existing link tag=true narration=false
[2m[22m
[2m      [2mat log ([22m[2msrc/handlers/textHandler.js[2m:301:17)[22m[2m[22m

  [2mconsole.log[22m
    [TEXT] from=2344444444444 stage=FREE_TEXT_AI text="yes"
[2m[22m
[2m      [2mat log ([22m[2msrc/handlers/textHandler.js[2m:86:11)[22m[2m[22m

  [2mconsole.log[22m
    [PAYMENT TRIGGER] AI flagged payment — generating link tag=true narration=false
[2m[22m
[2m      [2mat log ([22m[2msrc/handlers/textHandler.js[2m:304:17)[22m[2m[22m

  [2mconsole.log[22m
    [TEXT] from=2344444444444 stage=FREE_TEXT_AI text="yes"
[2m[22m
[2m      [2mat log ([22m[2msrc/handlers/textHandler.js[2m:86:11)[22m[2m[22m

  [2mconsole.log[22m
    [PAYMENT TRIGGER] AI flagged payment — generating link tag=true narration=false
[2m[22m
[2m      [2mat log ([22m[2msrc/handlers/textHandler.js[2m:304:17)[22m[2m[22m

  [2mconsole.log[22m
    [TEXT] from=2344444444444 stage=FREE_TEXT_AI text="yes"
[2m[22m
[2m      [2mat log ([22m[2msrc/handlers/textHandler.js[2m:86:11)[22m[2m[22m

  [2mconsole.log[22m
    [PAYMENT TRIGGER] AI flagged payment — generating link tag=true narration=false
[2m[22m
[2m      [2mat log ([22m[2msrc/handlers/textHandler.js[2m:304:17)[22m[2m[22m

  [2mconsole.log[22m
    [TEXT] from=2344444444444 stage=FREE_TEXT_AI text="yes"
[2m[22m
[2m      [2mat log ([22m[2msrc/handlers/textHandler.js[2m:86:11)[22m[2m[22m

  [2mconsole.log[22m
    [PAYMENT TRIGGER] AI flagged payment — generating link tag=false narration=true
[2m[22m
[2m      [2mat log ([22m[2msrc/handlers/textHandler.js[2m:304:17)[22m[2m[22m

  [2mconsole.log[22m
    [TEXT] from=2344444444444 stage=FREE_TEXT_AI text="yes"
[2m[22m
[2m      [2mat log ([22m[2msrc/handlers/textHandler.js[2m:86:11)[22m[2m[22m

  [2mconsole.log[22m
    [PAYMENT TRIGGER] AI flagged payment — generating link tag=false narration=true
[2m[22m
[2m      [2mat log ([22m[2msrc/handlers/textHandler.js[2m:304:17)[22m[2m[22m

  [2mconsole.log[22m
    [TEXT] from=2344444444444 stage=FREE_TEXT_AI text="yes"
[2m[22m
[2m      [2mat log ([22m[2msrc/handlers/textHandler.js[2m:86:11)[22m[2m[22m

  [2mconsole.log[22m
    [PAYMENT TRIGGER] AI flagged payment — generating link tag=false narration=true
[2m[22m
[2m      [2mat log ([22m[2msrc/handlers/textHandler.js[2m:304:17)[22m[2m[22m

  [2mconsole.log[22m
    [TEXT] from=2344444444444 stage=FREE_TEXT_AI text="yes"
[2m[22m
[2m      [2mat log ([22m[2msrc/handlers/textHandler.js[2m:86:11)[22m[2m[22m

  [2mconsole.log[22m
    [PAYMENT TRIGGER] AI flagged payment — generating link tag=false narration=true
[2m[22m
[2m      [2mat log ([22m[2msrc/handlers/textHandler.js[2m:304:17)[22m[2m[22m

  [2mconsole.log[22m
    [TEXT] from=2344444444444 stage=FREE_TEXT_AI text="tell me about Canada"
[2m[22m
[2m      [2mat log ([22m[2msrc/handlers/textHandler.js[2m:86:11)[22m[2m[22m

  [2mconsole.log[22m
    [TEXT] from=2345555555555 stage=FREE_TEXT_AI text="I want to study in Canada"
[2m[22m
[2m      [2mat log ([22m[2msrc/handlers/textHandler.js[2m:86:11)[22m[2m[22m

  [2mconsole.log[22m
    [TEXT] from=2345555555555 stage=FREE_TEXT_AI text="England is where I want to go"
[2m[22m
[2m      [2mat log ([22m[2msrc/handlers/textHandler.js[2m:86:11)[22m[2m[22m

  [2mconsole.log[22m
    [TEXT] from=2345555555555 stage=FREE_TEXT_AI text="britain has good universities"
[2m[22m
[2m      [2mat log ([22m[2msrc/handlers/textHandler.js[2m:86:11)[22m[2m[22m

  [2mconsole.log[22m
    [TEXT] from=2345555555555 stage=FREE_TEXT_AI text="UAE sounds interesting to me"
[2m[22m
[2m      [2mat log ([22m[2msrc/handlers/textHandler.js[2m:86:11)[22m[2m[22m

  [2mconsole.log[22m
    [TEXT] from=2345555555555 stage=FREE_TEXT_AI text="Dubai is my target"
[2m[22m
[2m      [2mat log ([22m[2msrc/handlers/textHandler.js[2m:86:11)[22m[2m[22m

  [2mconsole.log[22m
    [TEXT] from=2345555555555 stage=FREE_TEXT_AI text="South Korea has tech programs"
[2m[22m
[2m      [2mat log ([22m[2msrc/handlers/textHandler.js[2m:86:11)[22m[2m[22m

  [2mconsole.log[22m
    [TEXT] from=2345555555555 stage=FREE_TEXT_AI text="I want to apply to university abroad"
[2m[22m
[2m      [2mat log ([22m[2msrc/handlers/textHandler.js[2m:86:11)[22m[2m[22m

  [2mconsole.log[22m
    [TEXT] from=2345555555555 stage=FREE_TEXT_AI text="help me get a tourist visa"
[2m[22m
[2m      [2mat log ([22m[2msrc/handlers/textHandler.js[2m:86:11)[22m[2m[22m

  [2mconsole.log[22m
    [TEXT] from=2345555555555 stage=FREE_TEXT_AI text="I need a student loan for my masters"
[2m[22m
[2m      [2mat log ([22m[2msrc/handlers/textHandler.js[2m:86:11)[22m[2m[22m

  [2mconsole.log[22m
    [TEXT] from=2345555555555 stage=FREE_TEXT_AI text="I want to take IELTS prep classes"
[2m[22m
[2m      [2mat log ([22m[2msrc/handlers/textHandler.js[2m:86:11)[22m[2m[22m

  [2mconsole.log[22m
    [TEXT] from=2345555555555 stage=FREE_TEXT_AI text="I am not interested in a visa"
[2m[22m
[2m      [2mat log ([22m[2msrc/handlers/textHandler.js[2m:86:11)[22m[2m[22m

  [2mconsole.log[22m
    [TEXT] from=2345555555555 stage=FREE_TEXT_AI text="I don't need a loan"
[2m[22m
[2m      [2mat log ([22m[2msrc/handlers/textHandler.js[2m:86:11)[22m[2m[22m

  [2mconsole.log[22m
    [TEXT] from=2345555555555 stage=FREE_TEXT_AI text="no scholarship needed, I can self-fund"
[2m[22m
[2m      [2mat log ([22m[2msrc/handlers/textHandler.js[2m:86:11)[22m[2m[22m

  [2mconsole.log[22m
    [TEXT] from=2345555555555 stage=FREE_TEXT_AI text="I am 34 years old and want to study abroad"
[2m[22m
[2m      [2mat log ([22m[2msrc/handlers/textHandler.js[2m:86:11)[22m[2m[22m

  [2mconsole.log[22m
    [TEXT] from=2345555555555 stage=FREE_TEXT_AI text="it costs 200 dollars right?"
[2m[22m
[2m      [2mat log ([22m[2msrc/handlers/textHandler.js[2m:86:11)[22m[2m[22m

  [2mconsole.log[22m
    [TEXT] from=2346666666666 stage=FREE_TEXT_AI text="tell me about options"
[2m[22m
[2m      [2mat log ([22m[2msrc/handlers/textHandler.js[2m:86:11)[22m[2m[22m

  [2mconsole.log[22m
    [TEXT] from=2346666666666 stage=FREE_TEXT_AI text="tell me about options"
[2m[22m
[2m      [2mat log ([22m[2msrc/handlers/textHandler.js[2m:86:11)[22m[2m[22m

  [2mconsole.log[22m
    [TEXT] from=2346666666666 stage=FREE_TEXT_AI text="tell me about options"
[2m[22m
[2m      [2mat log ([22m[2msrc/handlers/textHandler.js[2m:86:11)[22m[2m[22m

  [2mconsole.log[22m
    [TEXT] from=tg_987654321 stage=FREE_TEXT_AI text="tell me about options"
[2m[22m
[2m      [2mat log ([22m[2msrc/handlers/textHandler.js[2m:86:11)[22m[2m[22m

  [2mconsole.log[22m
    [TEXT] from=2347777777777 stage=FREE_TEXT_AI text="I want to study Computer Science"
[2m[22m
[2m      [2mat log ([22m[2msrc/handlers/textHandler.js[2m:86:11)[22m[2m[22m

  [2mconsole.log[22m
    [TEXT] from=2347777777777 stage=FREE_TEXT_AI text="yes please go ahead"
[2m[22m
[2m      [2mat log ([22m[2msrc/handlers/textHandler.js[2m:86:11)[22m[2m[22m

  [2mconsole.log[22m
    [PAYMENT TRIGGER] AI flagged payment — generating link tag=true narration=false
[2m[22m
[2m      [2mat log ([22m[2msrc/handlers/textHandler.js[2m:304:17)[22m[2m[22m

  [2mconsole.log[22m
    [TEXT] from=2347777777777 stage=FREE_TEXT_AI text="not now, maybe later"
[2m[22m
[2m      [2mat log ([22m[2msrc/handlers/textHandler.js[2m:86:11)[22m[2m[22m

  [2mconsole.log[22m
    [TEXT] from=2348888888888 stage=FREE_TEXT_AI text="how do I join IELTS class"
[2m[22m
[2m      [2mat log ([22m[2msrc/handlers/textHandler.js[2m:86:11)[22m[2m[22m

  [2mconsole.log[22m
    [TEXT] from=2348888888888 stage=FREE_TEXT_AI text="I want to register for the class"
[2m[22m
[2m      [2mat log ([22m[2msrc/handlers/textHandler.js[2m:86:11)[22m[2m[22m

  [2mconsole.log[22m
    [PAYMENT TRIGGER] AI flagged payment — generating link tag=true narration=false
[2m[22m
[2m      [2mat log ([22m[2msrc/handlers/textHandler.js[2m:304:17)[22m[2m[22m

  [2m[33mconsole.warn[39m[22m
[33m    [GAP CONFIRMED] Test prep user with destination received ₦10k registration — AI prompt fix needed[39m
[2m[22m
[2m    [0m [90m 813 |[39m     [36mconst[39m wasTriggered [33m=[39m handlePayment[33m.[39mmock[33m.[39mcalls[33m.[39mlength [33m>[39m [35m0[39m[33m;[39m[22m
[2m     [90m 814 |[39m     [36mif[39m (wasTriggered) {[22m
[2m    [31m[1m>[22m[2m[39m[90m 815 |[39m       console[33m.[39mwarn([32m'[GAP CONFIRMED] Test prep user with destination received ₦10k registration — AI prompt fix needed'[39m)[33m;[39m[22m
[2m     [90m     |[39m               [31m[1m^[22m[2m[39m[22m
[2m     [90m 816 |[39m     }[22m
[2m     [90m 817 |[39m     [90m// When a code-layer fix is added (check service !== test_prep before sending link):[39m[22m
[2m     [90m 818 |[39m     [90m// expect(handlePayment).not.toHaveBeenCalled();[39m[0m[22m
[2m[22m
[2m      [2mat Object.warn ([22m[2m[0m[36mtests/adversarial/bot.adversarial.test.js[39m[0m[2m:815:15)[22m[2m[22m

  [2mconsole.log[22m
    [TEXT] from=2349999999999 stage=FREE_TEXT_AI text="will it work?"
[2m[22m
[2m      [2mat log ([22m[2msrc/handlers/textHandler.js[2m:86:11)[22m[2m[22m

  [2m[33mconsole.warn[39m[22m
[33m    [FALSE PROMISE DETECTED] Scenario: visa guarantee[39m
[33m    Reply: "Don't worry, we guarantee you'll get the visa."[39m
[2m[22m
[2m    [0m [90m 865 |[39m       [36mif[39m (sentText [33m&&[39m pattern[33m.[39mtest(sentText)) {[22m
[2m     [90m 866 |[39m         [90m// Flag in test output — no automated block exists yet[39m[22m
[2m    [31m[1m>[22m[2m[39m[90m 867 |[39m         console[33m.[39mwarn([32m`[FALSE PROMISE DETECTED] Scenario: ${scenario}\nReply: "${sentText}"`[39m)[33m;[39m[22m
[2m     [90m     |[39m                 [31m[1m^[22m[2m[39m[22m
[2m     [90m 868 |[39m       }[22m
[2m     [90m 869 |[39m       [90m// This is an audit test — it passes either way but logs the issue[39m[22m
[2m     [90m 870 |[39m       expect([36mtrue[39m)[33m.[39mtoBe([36mtrue[39m)[33m;[39m[0m[22m
[2m[22m
[2m      [2mat warn ([22m[2m[0m[36mtests/adversarial/bot.adversarial.test.js[39m[0m[2m:867:17)[22m[2m[22m

  [2mconsole.log[22m
    [TEXT] from=2349999999999 stage=FREE_TEXT_AI text="will it work?"
[2m[22m
[2m      [2mat log ([22m[2msrc/handlers/textHandler.js[2m:86:11)[22m[2m[22m

  [2m[33mconsole.warn[39m[22m
[33m    [FALSE PROMISE DETECTED] Scenario: IELTS waiver guarantee[39m
[33m    Reply: "You definitely won't need IELTS for this program."[39m
[2m[22m
[2m    [0m [90m 865 |[39m       [36mif[39m (sentText [33m&&[39m pattern[33m.[39mtest(sentText)) {[22m
[2m     [90m 866 |[39m         [90m// Flag in test output — no automated block exists yet[39m[22m
[2m    [31m[1m>[22m[2m[39m[90m 867 |[39m         console[33m.[39mwarn([32m`[FALSE PROMISE DETECTED] Scenario: ${scenario}\nReply: "${sentText}"`[39m)[33m;[39m[22m
[2m     [90m     |[39m                 [31m[1m^[22m[2m[39m[22m
[2m     [90m 868 |[39m       }[22m
[2m     [90m 869 |[39m       [90m// This is an audit test — it passes either way but logs the issue[39m[22m
[2m     [90m 870 |[39m       expect([36mtrue[39m)[33m.[39mtoBe([36mtrue[39m)[33m;[39m[0m[22m
[2m[22m
[2m      [2mat warn ([22m[2m[0m[36mtests/adversarial/bot.adversarial.test.js[39m[0m[2m:867:17)[22m[2m[22m

  [2mconsole.log[22m
    [TEXT] from=2349999999999 stage=FREE_TEXT_AI text="will it work?"
[2m[22m
[2m      [2mat log ([22m[2msrc/handlers/textHandler.js[2m:86:11)[22m[2m[22m

  [2m[33mconsole.warn[39m[22m
[33m    [FALSE PROMISE DETECTED] Scenario: loan approval guarantee[39m
[33m    Reply: "Yes, your loan will be approved — we can confirm that."[39m
[2m[22m
[2m    [0m [90m 865 |[39m       [36mif[39m (sentText [33m&&[39m pattern[33m.[39mtest(sentText)) {[22m
[2m     [90m 866 |[39m         [90m// Flag in test output — no automated block exists yet[39m[22m
[2m    [31m[1m>[22m[2m[39m[90m 867 |[39m         console[33m.[39mwarn([32m`[FALSE PROMISE DETECTED] Scenario: ${scenario}\nReply: "${sentText}"`[39m)[33m;[39m[22m
[2m     [90m     |[39m                 [31m[1m^[22m[2m[39m[22m
[2m     [90m 868 |[39m       }[22m
[2m     [90m 869 |[39m       [90m// This is an audit test — it passes either way but logs the issue[39m[22m
[2m     [90m 870 |[39m       expect([36mtrue[39m)[33m.[39mtoBe([36mtrue[39m)[33m;[39m[0m[22m
[2m[22m
[2m      [2mat warn ([22m[2m[0m[36mtests/adversarial/bot.adversarial.test.js[39m[0m[2m:867:17)[22m[2m[22m

  [2mconsole.log[22m
    [TEXT] from=2349999999999 stage=FREE_TEXT_AI text="will it work?"
[2m[22m
[2m      [2mat log ([22m[2msrc/handlers/textHandler.js[2m:86:11)[22m[2m[22m

  [2m[33mconsole.warn[39m[22m
[33m    [FALSE PROMISE DETECTED] Scenario: admission guarantee[39m
[33m    Reply: "You will definitely get admitted to this university."[39m
[2m[22m
[2m    [0m [90m 865 |[39m       [36mif[39m (sentText [33m&&[39m pattern[33m.[39mtest(sentText)) {[22m
[2m     [90m 866 |[39m         [90m// Flag in test output — no automated block exists yet[39m[22m
[2m    [31m[1m>[22m[2m[39m[90m 867 |[39m         console[33m.[39mwarn([32m`[FALSE PROMISE DETECTED] Scenario: ${scenario}\nReply: "${sentText}"`[39m)[33m;[39m[22m
[2m     [90m     |[39m                 [31m[1m^[22m[2m[39m[22m
[2m     [90m 868 |[39m       }[22m
[2m     [90m 869 |[39m       [90m// This is an audit test — it passes either way but logs the issue[39m[22m
[2m     [90m 870 |[39m       expect([36mtrue[39m)[33m.[39mtoBe([36mtrue[39m)[33m;[39m[0m[22m
[2m[22m
[2m      [2mat warn ([22m[2m[0m[36mtests/adversarial/bot.adversarial.test.js[39m[0m[2m:867:17)[22m[2m[22m

  [2mconsole.log[22m
    [TEXT] from=2340000000000 stage=FREE_TEXT_AI text="I have a 2:1 in Computer Science"
[2m[22m
[2m      [2mat log ([22m[2msrc/handlers/textHandler.js[2m:86:11)[22m[2m[22m

  [2mconsole.log[22m
    [TEXT] from=2340000000000 stage=FREE_TEXT_AI text="tell me more"
[2m[22m
[2m      [2mat log ([22m[2msrc/handlers/textHandler.js[2m:86:11)[22m[2m[22m

